python : Warning: You are sending unauthenticated requests to the HF Hub. 
Please set a HF_TOKEN to enable higher rate limits and faster downloads.
At line:1 char:1
+ python test_scenarios.py > test_output.txt 2>&1
+ ~~~~~~~~~~~~~~~~~~~~~~~~~~~~~~~~~~~~~~~~~~~~~~~
    + CategoryInfo          : NotSpecified: (Warning: You ar...ster downloads. 
   :String) [], RemoteException
    + FullyQualifiedErrorId : NativeCommandError
 


+====================================================================+
|               LEGALDEBASEAI TEST SUITE                             |
|               12 Comprehensive Test Scenarios                     |
+====================================================================+

======================================================================
TEST 1: Module Imports & Structure
======================================================================

Loading weights:   0%|          | 0/199 [00:00<?, ?it/s]
Loading weights: 100%|##########| 199/199 [00:00<00:00, 6636.13it/s]
[1mMPNetModel LOAD REPORT[0m from: sentence-transformers/all-mpnet-base-v2
Key                     | Status     |  | 
------------------------+------------+--+-
embeddings.position_ids | UNEXPECTED |  | 

Notes:
- UNEXPECTED:	can be ignored when loading from different task/architecture; 
not ok if you expect identical arch.
Γ£ô All core modules imported successfully
Γ£ô debate_engine available
Γ£ô RAG pipeline available
Γ£ô Expert panel available
Γ£ô Lawyer agents available
Γ£ô Judge arbiter available
Γ£ô Cache manager available
Γ£à TEST 1 PASSED

======================================================================
TEST 2: Configuration Validation
======================================================================
ΓÜá Test test_2_config_validation crashed: 'charmap' codec can't encode character '\x9d' in position 1: character maps to <undefined>
======================================================================
TEST 3: GO Metadata Extraction
======================================================================
Extracting metadata from SAMPLE_GO_1...
Γ£ô GO Metadata extracted: {'go_number': '215', 'department': 'Office of the Chief Secretary', 'state': 'TS', 'subject': 'Implementation of Revised Guidelines for Government Employees Conduct', 'key_provisions': ['Prohibition of private business without prior approval for government employees', 'Mandatory reporting to duty by 9:00 AM sharp', 'Strict prohibition of political rallies and public activism during work hours', 'Requirement of a medical certificate for medical leave exceeding 2 consecutive days', 'Disputes to be governed by the Indian Penal Code, 1860 and Constitution of India'], 'referenced_laws': ['Indian Penal Code, 1860', 'Constitution of India'], 'affected_parties': ['Government Employees'], 'go_type': 'Policy', 'date_issued': '15-03-2024'}
Γ£ô GO Number: 215
Γ£ô Department: Office of the Chief Secretary
Γ£ô Date: N/A
Γ£à TEST 3 PASSED

======================================================================
TEST 4: RAG Context Structure
======================================================================
Γ£ô go_metadata: <class 'dict'>
Γ£ô go_text: <class 'str'>
Γ£ô related_articles: <class 'list'>
Γ£ô related_acts: <class 'list'>
Γ£ô state_laws: <class 'list'>
Γ£ô relevant_verdicts: <class 'list'>
Γ£ô Articles count: 0
Γ£ô Acts count: 0
Γ£ô State laws count: 0
Γ£ô Verdicts count: 0
Γ£à TEST 4 PASSED

======================================================================
TEST 5: Cache Manager Functionality
======================================================================
Γ£ô Cache cleared
ΓÜá Test test_5_cache_functionality crashed: 'charmap' codec can't encode character '\x9d' in position 1: character maps to <undefined>
======================================================================
TEST 6: ChromaDB Connection
======================================================================
ΓÜá Test test_6_chromadb_connection crashed: 'charmap' codec can't encode character '\x9d' in position 1: character maps to <undefined>
======================================================================
TEST 7: Lawyer Module Structure
======================================================================
Γ£ô GO Lawyer: argue() method exists
Γ£ô Constitutional Lawyer: argue() method exists
Γ£ô GO Lawyer signature: (context: dict, round_num: int, opponent_last_argument: str = '') -> str
Γ£ô Constitutional Lawyer signature: (context: dict, round_num: int, opponent_last_argument: str = '') -> str
Γ£à TEST 7 PASSED

======================================================================
TEST 8: Judge Arbiter Structure
======================================================================
Γ£ô Judge arbiter: score_debate() method exists
Γ£ô Method signature: (context: dict, debate_transcript: dict) -> dict
Γ£à TEST 8 PASSED

======================================================================
TEST 9: Analysis Modules
======================================================================
Γ£ô POTATO analysis: run_potato() available
Γ£ô Onion analysis: run_onion() available
Γ£ô Strategy analysis: run_strategy() available
Γ£à TEST 9 PASSED

======================================================================
TEST 10: Data Files Existence
======================================================================
Γ£ô constitution: data\constitution
Γ£ô central_acts: data\central_acts
Γ£ô state_acts: data\state_acts
Γ£ô government_orders: data\government_orders
Γ£ô verdicts: data\verdicts
Γ£ô ChromaDB: db\chromadb
Γ£à TEST 10 PASSED

======================================================================
TEST 11: Configuration File
======================================================================
Γ£ô ANTHROPIC_API_KEY: sk-ant-api03-utwCvL3mLgo_xIq_YGAarn-F93_uzNtupudKO
ΓÜá OPENAI_API_KEY: MISSING
Γ£ô TEMPERATURE: 0.2
Γ£ô QUALITY_CLOUD_MODEL: claude-sonnet-4-6
Γ£ô MIN_CONFLICT_SCORE_FOR_AMENDMENTS: 4.0
Γ£à TEST 11 PASSED

======================================================================
TEST 12: Government Order Text Parsing
======================================================================
Γ£ô GO 1 (Employee Conduct): 215
Γ£ô GO 2 (Education): 542
Γ£ô GO 3 (Surveillance): 312
Γ£ô GO 4 (Slum Rehab): 89
Γ£à TEST 12 PASSED


======================================================================
TEST SUMMARY
======================================================================
Γ£ô PASS: test_1_imports_and_structure
Γ£ù FAIL: test_2_config_validation
Γ£ô PASS: test_3_go_metadata_extraction
Γ£ô PASS: test_4_rag_context_structure
Γ£ù FAIL: test_5_cache_functionality
Γ£ù FAIL: test_6_chromadb_connection
Γ£ô PASS: test_7_lawyer_module_structure
Γ£ô PASS: test_8_judge_module_structure
Γ£ô PASS: test_9_analysis_modules
Γ£ô PASS: test_10_data_files_exist
Γ£ô PASS: test_11_config_file
Γ£ô PASS: test_12_go_text_parsing
======================================================================
Results: 9/12 tests passed
======================================================================
Γ£ô Report saved to test_results.json
